[
  {
    "created": "2003-01-02T12:34:56.789000+00:00",
    "deleted": "9000-12-31T23:59:59.999999+00:00",
    "device_key_recovery_key": "pbkdf2_sha256$15000$SALT$cqzFWNmhr4uh7yW7ZFo/gJZ+70Cg/gZ8pSCfeQKI+17wMRQ+cXFxcXFxcXFxcXFxcXFxceKajKyl1inPhag+rPlb6Qwn/l3N/s4cyiigujo3N/19LAm9Vby6Qn0YQI9QdRCzwQ==",
    "device_key_user_key": "YfZU27r7vDJaGDvmvz6o0aAcjDLEaHrxatUsROOKMgXwMRQ+cXFxcXFxcXFxcXFxcXFxcSQSdRI1Bn0eDFcJScbVxSbD8xhS8HHtCp9+A/AawuqBkvUbmQCn74cnt+YCz6Chhw==",
    "firstName": "santahm",
    "hashedPIN_recovery_key": "pbkdf2_sha256$15000$SALT$ac/8s27oOOO/DjikUb26Tuj7ZiVuKefo9cp5aO/w4wvwMRQ+cXFxcXFxcXFxcXFxcXFxcYrydYxWG3zJOsjBBgUDxyA=",
    "hashedPIN_user_key": "GqyqlMAu2ugX1d0aRosXpnbZgWomlniie249JE48x8PwMRQ+cXFxcXFxcXFxcXFxcXFxcSCl8NiPEmtVSPZ16zNqfno=",
    "lastName": "tuhan",
    "picture": null,
    "recovery_device_key": "pbkdf2_sha256$15000$SALT$cqzFWNmhr4uh7yW7ZFo/gJZ+70Cg/gZ8pSCfeQKI+17wMRQ+cXFxcXFxcXFxcXFxcXFxceKajKyl1inPhag+rPlb6Qwn/l3N/s4cyiigujo3N/19LAm9Vby6Qn0YQI9QdRCzwQ==",
    "recovery_question": "1+1",
    "recovery_salt": "VbfM88IZgu99DJlyk3XxAz2wSr+TVrlU1A/xKlE24orwMRQ+cXFxcXFxcXFxcXFxcXFxcUOZAdBbOouye9vfhkwymkM=",
    "synchronized": "2003-01-02T12:34:56.789000+00:00",
    "type": "D",
    "updated": "2003-01-02T12:34:56.789000+00:00",
    "uuid": "<UUID>"
  }
]