{
  "error": {
    "physician": [
      [
        "physician instance with pk '99999999-9999-9999-9999-999999999999' does not exist."
      ]
    ]
  }
}