{
  "error": {
    "deviceMAC": [
      "This field is required."
    ],
    "name": [
      "This field is required."
    ]
  }
}