{
  "deviceMAC": "ZZ:ZZ:ZZ:ZZ:ZZ",
  "name": "gracie",
  "token": "<token>",
  "uuid": "<UUID>"
}