[
  {
    "language": "ar",
    "latitude": null,
    "longitude": null,
    "name": "c1",
    "uuid": "<UUID>"
  },
  {
    "language": "ar",
    "latitude": null,
    "longitude": null,
    "name": "c2",
    "uuid": "<UUID>"
  }
]