{
  "Patient": [
    {
      "UNHCR": "23456789",
      "birthCity": "Coston",
      "birthYear": "1948",
      "created": "2003-01-02T12:34:56.789000+00:00",
      "deleted": "9000-12-31T23:59:59.999999+00:00",
      "firstName": "Cob",
      "gender": "M",
      "lastName": "Smith",
      "phone": "",
      "picture": null,
      "provider_id": "",
      "synchronized": "2003-01-02T12:34:56.789000+00:00",
      "updated": "2003-01-02T12:34:56.789000+00:00",
      "uuid": "<UUID>"
    }
  ]
}